 
****************************************
Report : area
Design : top_module
Version: T-2022.03-SP5
Date   : Sat Dec  6 20:08:34 2025
****************************************

Information: Updating design information... (UID-85)
Library(s) Used:

    tsl18fs120_scl_ff (File: /home/manisha/Filter_C/SCLPDK_V3.0_KIT/SCLPDK_V3.0_KIT/scl180/stdcell/fs120/6M1L/liberty/lib_flow_ff/tsl18fs120_scl_ff.db)

Number of ports:                       104891
Number of nets:                        276645
Number of cells:                       147397
Number of combinational cells:         108946
Number of sequential cells:             36446
Number of macros/black boxes:               0
Number of buf/inv:                      21770
Number of references:                      11

Combinational area:            3559551.792700
Buf/Inv area:                   242004.129256
Noncombinational area:         2181954.734688
Macro/Black Box area:                0.000000
Net Interconnect area:          163536.503014

Total cell area:               5741506.527388
Total area:                    5905043.030401
1
